// Jest Snapshot v1, https://goo.gl/fbAQLP

exports[`Should render ExpenseListItem with the first expense from fixtures 1`] = `
<div>
  <Link
    replace={false}
    to="/edit/1"
  >
    <h3>
      Gum
    </h3>
  </Link>
  195
  , created at: 
  0
</div>
`;
